// 重构日志: 42ac6947
// 重构日志: ae9b91b3
// 同步 ID: 688329e1 @ Tue Jul 21 08:23:14 UTC 2026
// 重构日志: d00e4ef6
// 重构日志: 20a44c3e
// 同步 ID: 6267d1b6 @ Wed Jul 22 11:14:13 UTC 2026
// 同步 ID: a0538038 @ Wed Jul 22 13:39:29 UTC 2026
// 同步 ID: a26e6c28 @ Wed Jul 22 15:39:54 UTC 2026
// 重构日志: 98fbf45b
// 同步 ID: 0e2bd4de @ Fri Jul 24 05:28:24 UTC 2026
// 同步 ID: c0539bf9 @ Fri Jul 24 14:39:03 UTC 2026
// 重构日志: d79ac32b
// 同步 ID: 2504532f @ Sat Jul 25 17:52:36 UTC 2026
// 同步 ID: 69398640 @ Sun Jul 26 08:15:36 UTC 2026
// 同步 ID: d2f8e62d @ Tue Jul 28 13:23:16 UTC 2026
// 重构日志: d83b423f
// 同步 ID: f7b0b79f @ Thu Jul 30 10:26:28 UTC 2026
// 重构日志: 4133c04b
// 重构日志: e6230f35
// 同步 ID: 8296bd9a @ Sat Aug  1 01:22:34 UTC 2026
// 同步 ID: bc38387f @ Sat Aug  1 10:22:09 UTC 2026
// 重构日志: c95debee
// 重构日志: 8a9dcb8f
// 重构日志: 1c09dfc4
// 同步 ID: 115147ad @ Sun Aug  2 18:36:30 UTC 2026
// 同步 ID: 0c809296 @ Mon Aug  3 06:01:53 UTC 2026
// 同步 ID: 3f4420bc @ Mon Aug  3 09:29:54 UTC 2026
// 同步 ID: 5ee393fa @ Wed Aug  5 13:50:55 UTC 2026
// 重构日志: fb38c629
// 同步 ID: 12b93e41 @ Thu Aug  6 05:19:25 UTC 2026
// 重构日志: 615386a3
